lib/api.ts(17,13): error TS2322: Type 'AxiosRequestHeaders | {}' is not assignable to type 'AxiosRequestHeaders'.
  Type '{}' is not assignable to type 'AxiosRequestHeaders'.
    Type '{}' is missing the following properties from type 'AxiosHeaders': set, get, has, delete, and 24 more.
store/flowStore.ts(815,40): error TS1323: Dynamic imports are only supported when the '--module' flag is set to 'es2020', 'es2022', 'esnext', 'commonjs', 'amd', 'system', 'umd', 'node16', 'node18', 'node20', or 'nodenext'.
store/flowStore.ts(1141,41): error TS1323: Dynamic imports are only supported when the '--module' flag is set to 'es2020', 'es2022', 'esnext', 'commonjs', 'amd', 'system', 'umd', 'node16', 'node18', 'node20', or 'nodenext'.
store/flowStore.ts(1308,43): error TS1323: Dynamic imports are only supported when the '--module' flag is set to 'es2020', 'es2022', 'esnext', 'commonjs', 'amd', 'system', 'umd', 'node16', 'node18', 'node20', or 'nodenext'.
store/flowStore.ts(2787,38): error TS1323: Dynamic imports are only supported when the '--module' flag is set to 'es2020', 'es2022', 'esnext', 'commonjs', 'amd', 'system', 'umd', 'node16', 'node18', 'node20', or 'nodenext'.
store/flowStore.ts(2856,46): error TS1323: Dynamic imports are only supported when the '--module' flag is set to 'es2020', 'es2022', 'esnext', 'commonjs', 'amd', 'system', 'umd', 'node16', 'node18', 'node20', or 'nodenext'.
